// Jest Snapshot v1, https://goo.gl/fbAQLP

exports[`Should refer expensesList with expenses 1`] = `
<div>
  <h1>
    Expense List
  </h1>
  <ExpenseListItem
    amount={195}
    createdAt={20}
    description="Gum"
    id="1"
    note=""
  />
  <ExpenseListItem
    amount={109500}
    createdAt={1000}
    description="Rent"
    id="2"
    note=""
  />
  <ExpenseListItem
    amount={4500}
    createdAt={-1000}
    description="Credit Card"
    id="3"
    note=""
  />
  <Memo(Connect(ExpenseListFilters)) />
</div>
`;

exports[`Should refer expensesList with expenses 2`] = `
<div>
  <h1>
    Expense List
  </h1>
  <h1>
    No expenses
  </h1>
  <Memo(Connect(ExpenseListFilters)) />
</div>
`;
